
Allocating common symbols
Common symbol       size              file

timer_started       0x4               ..\obj\main.o
clock_mode          0x4               ..\obj\main.o
settings_mode       0x4               ..\obj\main.o
current_setup_numb  0x4               ..\obj\main.o
mig_cnt             0x4               ..\obj\main.o
sec_result_num      0x4               ..\obj\main.o
drebezg_flag        0x4               ..\obj\main.o
current_address     0x4               ..\obj\main.o
timer_cnt           0x4               ..\obj\main.o

Discarded input sections

 .text          0x00000000        0x0 ..\obj\startup_stm32f10x_md_vl.o
 .data          0x00000000        0x0 ..\obj\startup_stm32f10x_md_vl.o
 .bss           0x00000000        0x0 ..\obj\startup_stm32f10x_md_vl.o
 .text          0x00000000        0x0 ..\obj\core_cm3.o
 .data          0x00000000        0x0 ..\obj\core_cm3.o
 .bss           0x00000000        0x0 ..\obj\core_cm3.o
 .text.__get_PSP
                0x00000000       0x10 ..\obj\core_cm3.o
 .text.__set_PSP
                0x00000000        0x8 ..\obj\core_cm3.o
 .text.__get_MSP
                0x00000000       0x10 ..\obj\core_cm3.o
 .text.__set_MSP
                0x00000000        0x8 ..\obj\core_cm3.o
 .text.__get_BASEPRI
                0x00000000       0x20 ..\obj\core_cm3.o
 .text.__set_BASEPRI
                0x00000000       0x18 ..\obj\core_cm3.o
 .text.__get_PRIMASK
                0x00000000       0x20 ..\obj\core_cm3.o
 .text.__set_PRIMASK
                0x00000000       0x18 ..\obj\core_cm3.o
 .text.__get_FAULTMASK
                0x00000000       0x20 ..\obj\core_cm3.o
 .text.__set_FAULTMASK
                0x00000000       0x18 ..\obj\core_cm3.o
 .text.__get_CONTROL
                0x00000000       0x20 ..\obj\core_cm3.o
 .text.__set_CONTROL
                0x00000000       0x18 ..\obj\core_cm3.o
 .text.__REV    0x00000000       0x24 ..\obj\core_cm3.o
 .text.__REV16  0x00000000       0x24 ..\obj\core_cm3.o
 .text.__REVSH  0x00000000       0x24 ..\obj\core_cm3.o
 .text.__RBIT   0x00000000       0x24 ..\obj\core_cm3.o
 .text.__LDREXB
                0x00000000       0x24 ..\obj\core_cm3.o
 .text.__LDREXH
                0x00000000       0x24 ..\obj\core_cm3.o
 .text.__LDREXW
                0x00000000       0x24 ..\obj\core_cm3.o
 .text.__STREXB
                0x00000000       0x2c ..\obj\core_cm3.o
 .text.__STREXH
                0x00000000       0x2c ..\obj\core_cm3.o
 .text.__STREXW
                0x00000000       0x28 ..\obj\core_cm3.o
 .text          0x00000000        0x0 ..\obj\system_stm32f10x.o
 .data          0x00000000       0x14 ..\obj\system_stm32f10x.o
 .bss           0x00000000        0x0 ..\obj\system_stm32f10x.o
 .text.SystemCoreClockUpdate
                0x00000000       0xe4 ..\obj\system_stm32f10x.o
 .text          0x00000000        0x0 ..\obj\stm32f10x_gpio.o
 .data          0x00000000        0x0 ..\obj\stm32f10x_gpio.o
 .bss           0x00000000        0x0 ..\obj\stm32f10x_gpio.o
 .text.GPIO_DeInit
                0x00000000      0x118 ..\obj\stm32f10x_gpio.o
 .text.GPIO_AFIODeInit
                0x00000000       0x20 ..\obj\stm32f10x_gpio.o
 .text.GPIO_StructInit
                0x00000000       0x2c ..\obj\stm32f10x_gpio.o
 .text.GPIO_ReadInputDataBit
                0x00000000       0x3c ..\obj\stm32f10x_gpio.o
 .text.GPIO_ReadInputData
                0x00000000       0x1c ..\obj\stm32f10x_gpio.o
 .text.GPIO_ReadOutputDataBit
                0x00000000       0x3c ..\obj\stm32f10x_gpio.o
 .text.GPIO_ReadOutputData
                0x00000000       0x1c ..\obj\stm32f10x_gpio.o
 .text.GPIO_SetBits
                0x00000000       0x1c ..\obj\stm32f10x_gpio.o
 .text.GPIO_ResetBits
                0x00000000       0x1c ..\obj\stm32f10x_gpio.o
 .text.GPIO_WriteBit
                0x00000000       0x30 ..\obj\stm32f10x_gpio.o
 .text.GPIO_Write
                0x00000000       0x1c ..\obj\stm32f10x_gpio.o
 .text.GPIO_PinLockConfig
                0x00000000       0x44 ..\obj\stm32f10x_gpio.o
 .text.GPIO_EventOutputConfig
                0x00000000       0x54 ..\obj\stm32f10x_gpio.o
 .text.GPIO_EventOutputCmd
                0x00000000       0x20 ..\obj\stm32f10x_gpio.o
 .text.GPIO_EXTILineConfig
                0x00000000       0x9c ..\obj\stm32f10x_gpio.o
 .text.GPIO_ETH_MediaInterfaceConfig
                0x00000000       0x1c ..\obj\stm32f10x_gpio.o
 .text          0x00000000        0x0 ..\obj\main.o
 .data          0x00000000        0x0 ..\obj\main.o
 .text.antidrebezg
                0x00000000       0x3c ..\obj\main.o
 .text          0x00000000        0x0 ..\obj\stm32f10x_rcc.o
 .data          0x00000000       0x14 ..\obj\stm32f10x_rcc.o
 .bss           0x00000000        0x0 ..\obj\stm32f10x_rcc.o
 .text.RCC_DeInit
                0x00000000       0x64 ..\obj\stm32f10x_rcc.o
 .text.RCC_HSEConfig
                0x00000000       0x5c ..\obj\stm32f10x_rcc.o
 .text.RCC_WaitForHSEStartUp
                0x00000000       0x64 ..\obj\stm32f10x_rcc.o
 .text.RCC_AdjustHSICalibrationValue
                0x00000000       0x40 ..\obj\stm32f10x_rcc.o
 .text.RCC_HSICmd
                0x00000000       0x20 ..\obj\stm32f10x_rcc.o
 .text.RCC_PLLConfig
                0x00000000       0x44 ..\obj\stm32f10x_rcc.o
 .text.RCC_PLLCmd
                0x00000000       0x20 ..\obj\stm32f10x_rcc.o
 .text.RCC_PREDIV1Config
                0x00000000       0x48 ..\obj\stm32f10x_rcc.o
 .text.RCC_SYSCLKConfig
                0x00000000       0x3c ..\obj\stm32f10x_rcc.o
 .text.RCC_GetSYSCLKSource
                0x00000000       0x1c ..\obj\stm32f10x_rcc.o
 .text.RCC_HCLKConfig
                0x00000000       0x3c ..\obj\stm32f10x_rcc.o
 .text.RCC_PCLK1Config
                0x00000000       0x3c ..\obj\stm32f10x_rcc.o
 .text.RCC_PCLK2Config
                0x00000000       0x40 ..\obj\stm32f10x_rcc.o
 .text.RCC_ITConfig
                0x00000000       0x50 ..\obj\stm32f10x_rcc.o
 .text.RCC_USBCLKConfig
                0x00000000       0x1c ..\obj\stm32f10x_rcc.o
 .text.RCC_ADCCLKConfig
                0x00000000       0x3c ..\obj\stm32f10x_rcc.o
 .text.RCC_LSICmd
                0x00000000       0x20 ..\obj\stm32f10x_rcc.o
 .text.RCC_RTCCLKConfig
                0x00000000       0x24 ..\obj\stm32f10x_rcc.o
 .text.RCC_RTCCLKCmd
                0x00000000       0x20 ..\obj\stm32f10x_rcc.o
 .text.RCC_GetClocksFreq
                0x00000000      0x17c ..\obj\stm32f10x_rcc.o
 .text.RCC_AHBPeriphClockCmd
                0x00000000       0x44 ..\obj\stm32f10x_rcc.o
 .text.RCC_APB2PeriphResetCmd
                0x00000000       0x44 ..\obj\stm32f10x_rcc.o
 .text.RCC_APB1PeriphResetCmd
                0x00000000       0x44 ..\obj\stm32f10x_rcc.o
 .text.RCC_BackupResetCmd
                0x00000000       0x20 ..\obj\stm32f10x_rcc.o
 .text.RCC_ClockSecuritySystemCmd
                0x00000000       0x20 ..\obj\stm32f10x_rcc.o
 .text.RCC_MCOConfig
                0x00000000       0x20 ..\obj\stm32f10x_rcc.o
 .text.RCC_ClearFlag
                0x00000000       0x1c ..\obj\stm32f10x_rcc.o
 .text.RCC_GetITStatus
                0x00000000       0x40 ..\obj\stm32f10x_rcc.o
 .text.RCC_ClearITPendingBit
                0x00000000       0x20 ..\obj\stm32f10x_rcc.o

Memory Configuration

Name             Origin             Length             Attributes
rom              0x08000000         0x00020000         xr
ram              0x20000000         0x00002000         xrw
*default*        0x00000000         0xffffffff

Linker script and memory map

                0x20002000                _eram = 0x20002000

.text           0x08000000     0x15b8
 *(.isr_vector)
 .isr_vector    0x08000000      0x124 ..\obj\startup_stm32f10x_md_vl.o
                0x08000000                g_pfnVectors
 *(.text*)
 .text.Default_Reset_Handler
                0x08000124       0x68 ..\obj\startup_stm32f10x_md_vl.o
                0x08000124                Default_Reset_Handler
                0x08000124                Reset_Handler
 .text.Default_Handler
                0x0800018c        0x8 ..\obj\startup_stm32f10x_md_vl.o
                0x0800018c                DebugMon_Handler
                0x0800018c                TIM1_CC_IRQHandler
                0x0800018c                HardFault_Handler
                0x0800018c                SysTick_Handler
                0x0800018c                PVD_IRQHandler
                0x0800018c                PendSV_Handler
                0x0800018c                NMI_Handler
                0x0800018c                I2C2_EV_IRQHandler
                0x0800018c                TIM1_UP_TIM16_IRQHandler
                0x0800018c                UsageFault_Handler
                0x0800018c                SPI1_IRQHandler
                0x0800018c                TAMPER_IRQHandler
                0x0800018c                DMA1_Channel4_IRQHandler
                0x0800018c                ADC1_IRQHandler
                0x0800018c                USART3_IRQHandler
                0x0800018c                DMA1_Channel7_IRQHandler
                0x0800018c                TIM4_IRQHandler
                0x0800018c                I2C1_EV_IRQHandler
                0x0800018c                DMA1_Channel6_IRQHandler
                0x0800018c                TIM3_IRQHandler
                0x0800018c                RCC_IRQHandler
                0x0800018c                DMA1_Channel1_IRQHandler
                0x0800018c                CEC_IRQHandler
                0x0800018c                EXTI15_10_IRQHandler
                0x0800018c                SPI2_IRQHandler
                0x0800018c                MemManage_Handler
                0x0800018c                SVC_Handler
                0x0800018c                DMA1_Channel5_IRQHandler
                0x0800018c                TIM1_TRG_COM_TIM17_IRQHandler
                0x0800018c                DMA1_Channel3_IRQHandler
                0x0800018c                WWDG_IRQHandler
                0x0800018c                TIM2_IRQHandler
                0x0800018c                RTCAlarm_IRQHandler
                0x0800018c                USART2_IRQHandler
                0x0800018c                I2C2_ER_IRQHandler
                0x0800018c                DMA1_Channel2_IRQHandler
                0x0800018c                FLASH_IRQHandler
                0x0800018c                BusFault_Handler
                0x0800018c                USART1_IRQHandler
                0x0800018c                I2C1_ER_IRQHandler
                0x0800018c                TIM1_BRK_TIM15_IRQHandler
 .text.SystemInit
                0x08000194       0x70 ..\obj\system_stm32f10x.o
                0x08000194                SystemInit
 .text.SetSysClock
                0x08000204        0xc ..\obj\system_stm32f10x.o
 .text.SetSysClockTo24
                0x08000210       0xdc ..\obj\system_stm32f10x.o
 .text.GPIO_Init
                0x080002ec      0x1c0 ..\obj\stm32f10x_gpio.o
                0x080002ec                GPIO_Init
 .text.GPIO_PinRemapConfig
                0x080004ac      0x104 ..\obj\stm32f10x_gpio.o
                0x080004ac                GPIO_PinRemapConfig
 .text.NVIC_EnableIRQ
                0x080005b0       0x34 ..\obj\main.o
 .text.flash_unlock
                0x080005e4       0x24 ..\obj\main.o
                0x080005e4                flash_unlock
 .text.flash_lock
                0x08000608       0x1c ..\obj\main.o
                0x08000608                flash_lock
 .text.flash_ready
                0x08000624       0x24 ..\obj\main.o
                0x08000624                flash_ready
 .text.flash_erase_page
                0x08000648       0x54 ..\obj\main.o
                0x08000648                flash_erase_page
 .text.flash_write
                0x0800069c       0x7c ..\obj\main.o
                0x0800069c                flash_write
 .text.flash_read
                0x08000718       0x18 ..\obj\main.o
                0x08000718                flash_read
 .text.delay    0x08000730       0x28 ..\obj\main.o
                0x08000730                delay
 .text.digit_to_port
                0x08000758       0x98 ..\obj\main.o
                0x08000758                digit_to_port
 .text.TIM6_DAC_IRQHandler
                0x080007f0       0x30 ..\obj\main.o
                0x080007f0                TIM6_DAC_IRQHandler
 .text.TIM7_IRQHandler
                0x08000820       0x3c ..\obj\main.o
                0x08000820                TIM7_IRQHandler
 .text.EXTI0_IRQHandler
                0x0800085c       0x48 ..\obj\main.o
                0x0800085c                EXTI0_IRQHandler
 .text.EXTI1_IRQHandler
                0x080008a4      0x15c ..\obj\main.o
                0x080008a4                EXTI1_IRQHandler
 .text.EXTI2_IRQHandler
                0x08000a00       0xc8 ..\obj\main.o
                0x08000a00                EXTI2_IRQHandler
 .text.EXTI3_IRQHandler
                0x08000ac8       0xcc ..\obj\main.o
                0x08000ac8                EXTI3_IRQHandler
 .text.EXTI4_IRQHandler
                0x08000b94      0x128 ..\obj\main.o
                0x08000b94                EXTI4_IRQHandler
 .text.EXTI9_5_IRQHandler
                0x08000cbc      0x10c ..\obj\main.o
                0x08000cbc                EXTI9_5_IRQHandler
 .text.RTC_IRQHandler
                0x08000dc8       0x78 ..\obj\main.o
                0x08000dc8                RTC_IRQHandler
 .text.initRTC  0x08000e40      0x11c ..\obj\main.o
                0x08000e40                initRTC
 .text.main     0x08000f5c      0x4fc ..\obj\main.o
                0x08000f5c                main
 .text.RCC_LSEConfig
                0x08001458       0x48 ..\obj\stm32f10x_rcc.o
                0x08001458                RCC_LSEConfig
 .text.RCC_APB2PeriphClockCmd
                0x080014a0       0x44 ..\obj\stm32f10x_rcc.o
                0x080014a0                RCC_APB2PeriphClockCmd
 .text.RCC_APB1PeriphClockCmd
                0x080014e4       0x44 ..\obj\stm32f10x_rcc.o
                0x080014e4                RCC_APB1PeriphClockCmd
 .text.RCC_GetFlagStatus
                0x08001528       0x84 ..\obj\stm32f10x_rcc.o
                0x08001528                RCC_GetFlagStatus
 *(.init)
 *(.fini)
 *crtbegin.o(.ctors)
 *crtbegin?.o(.ctors)
 *(EXCLUDE_FILE(*crtend.o *crtend?.o) .ctors)
 *(SORT(.ctors.*))
 *(.ctors)
 *crtbegin.o(.dtors)
 *crtbegin?.o(.dtors)
 *(EXCLUDE_FILE(*crtend.o *crtend?.o) .dtors)
 *(SORT(.dtors.*))
 *(.dtors)
 *(.rodata*)
 .rodata        0x080015ac        0xc ..\obj\main.o
 *(.eh_fram e*)

.glue_7         0x080015b8        0x0
 .glue_7        0x00000000        0x0 linker stubs

.glue_7t        0x080015b8        0x0
 .glue_7t       0x00000000        0x0 linker stubs

.vfp11_veneer   0x080015b8        0x0
 .vfp11_veneer  0x00000000        0x0 linker stubs

.v4_bx          0x080015b8        0x0
 .v4_bx         0x00000000        0x0 linker stubs

.ARM.extab
 *(.ARM.extab* .gnu.linkonce.armextab.*)
                0x080015b8                __exidx_start = .

.ARM.exidx
 *(.ARM.exidx* .gnu.linkonce.armexidx.*)
                0x080015b8                __exidx_end = .
                0x080015b8                __etext = .
                0x080015b8                _sidata = __etext

.data           0x20000000        0x0 load address 0x080015b8
                0x20000000                __data_start__ = .
                0x20000000                _sdata = __data_start__
 *(vtable)
 *(.data*)
                0x20000000                . = ALIGN (0x4)
                0x20000000                PROVIDE (__preinit_array_start, .)
 *(.preinit_array)
                0x20000000                PROVIDE (__preinit_array_end, .)
                0x20000000                . = ALIGN (0x4)
                0x20000000                PROVIDE (__init_array_start, .)
 *(SORT(.init_array.*))
 *(.init_array)
                0x20000000                PROVIDE (__init_array_end, .)
                0x20000000                . = ALIGN (0x4)
                0x20000000                PROVIDE (__fini_array_start, .)
 *(SORT(.fini_array.*))
 *(.fini_array)
                0x20000000                PROVIDE (__fini_array_end, .)
 *(.jcr*)
                0x20000000                . = ALIGN (0x4)
                0x20000000                __data_end__ = .
                0x20000000                _edata = __data_end__

.bss            0x20000000       0x30
                0x20000000                . = ALIGN (0x4)
                0x20000000                __bss_start__ = .
                0x20000000                _sbss = __bss_start__
 *(.bss*)
 .bss           0x20000000        0xc ..\obj\main.o
                0x20000000                time
 *(COMMON)
 COMMON         0x2000000c       0x24 ..\obj\main.o
                0x2000000c                timer_started
                0x20000010                clock_mode
                0x20000014                settings_mode
                0x20000018                current_setup_numb
                0x2000001c                mig_cnt
                0x20000020                sec_result_num
                0x20000024                drebezg_flag
                0x20000028                current_address
                0x2000002c                timer_cnt
                0x20000030                . = ALIGN (0x4)
                0x20000030                __bss_end__ = .
                0x20000030                _ebss = __bss_end__

.heap           0x20000030        0x0
                0x20000030                __end__ = .
                0x20000030                _end = __end__
                0x20000030                end = __end__
 *(.heap*)
                0x20000030                __HeapLimit = .

.co_stack       0x20000030      0x400
                0x20000030                . = ALIGN (0x8)
 *(.co_stack .co_stack.*)
 .co_stack      0x20000030      0x400 ..\obj\startup_stm32f10x_md_vl.o
                0x20000030                pulStack
                0x20002000                __StackTop = 0x20002000
                0x20001c00                __StackLimit = (__StackTop - SIZEOF (.co_stack))
                0x20002000                PROVIDE (__stack, __StackTop)
                0x00000001                ASSERT ((__StackLimit >= __HeapLimit), region ram  overflowed with stack)
LOAD ..\obj\startup_stm32f10x_md_vl.o
LOAD ..\obj\core_cm3.o
LOAD ..\obj\system_stm32f10x.o
LOAD ..\obj\stm32f10x_gpio.o
LOAD ..\obj\main.o
LOAD ..\obj\stm32f10x_rcc.o
START GROUP
LOAD c:/program files (x86)/coocox/arm-2011.03-coocox/bin/../lib/gcc/arm-none-eabi/4.5.2/thumb2\libgcc.a
LOAD c:/program files (x86)/coocox/arm-2011.03-coocox/bin/../lib/gcc/arm-none-eabi/4.5.2/../../../../arm-none-eabi/lib/thumb2\libc.a
END GROUP
OUTPUT(Clock_Stopwatch.elf elf32-littlearm)

.debug_abbrev   0x00000000      0x861
 .debug_abbrev  0x00000000       0xa3 ..\obj\startup_stm32f10x_md_vl.o
 .debug_abbrev  0x000000a3       0xd5 ..\obj\core_cm3.o
 .debug_abbrev  0x00000178      0x17e ..\obj\system_stm32f10x.o
 .debug_abbrev  0x000002f6      0x1a4 ..\obj\stm32f10x_gpio.o
 .debug_abbrev  0x0000049a      0x236 ..\obj\main.o
 .debug_abbrev  0x000006d0      0x191 ..\obj\stm32f10x_rcc.o

.debug_info     0x00000000     0x2f8c
 .debug_info    0x00000000      0x131 ..\obj\startup_stm32f10x_md_vl.o
 .debug_info    0x00000131      0x548 ..\obj\core_cm3.o
 .debug_info    0x00000679      0x433 ..\obj\system_stm32f10x.o
 .debug_info    0x00000aac      0x723 ..\obj\stm32f10x_gpio.o
 .debug_info    0x000011cf     0x1447 ..\obj\main.o
 .debug_info    0x00002616      0x976 ..\obj\stm32f10x_rcc.o

.debug_line     0x00000000     0x128b
 .debug_line    0x00000000       0xaa ..\obj\startup_stm32f10x_md_vl.o
 .debug_line    0x000000aa      0x28d ..\obj\core_cm3.o
 .debug_line    0x00000337      0x223 ..\obj\system_stm32f10x.o
 .debug_line    0x0000055a      0x377 ..\obj\stm32f10x_gpio.o
 .debug_line    0x000008d1      0x51d ..\obj\main.o
 .debug_line    0x00000dee      0x49d ..\obj\stm32f10x_rcc.o

.debug_loc      0x00000000     0x141e
 .debug_loc     0x00000000       0x64 ..\obj\startup_stm32f10x_md_vl.o
 .debug_loc     0x00000064      0x3f0 ..\obj\core_cm3.o
 .debug_loc     0x00000454       0xc8 ..\obj\system_stm32f10x.o
 .debug_loc     0x0000051c      0x3e4 ..\obj\stm32f10x_gpio.o
 .debug_loc     0x00000900      0x40a ..\obj\main.o
 .debug_loc     0x00000d0a      0x714 ..\obj\stm32f10x_rcc.o

.debug_pubnames
                0x00000000      0x896
 .debug_pubnames
                0x00000000       0x4a ..\obj\startup_stm32f10x_md_vl.o
 .debug_pubnames
                0x0000004a      0x159 ..\obj\core_cm3.o
 .debug_pubnames
                0x000001a3       0x61 ..\obj\system_stm32f10x.o
 .debug_pubnames
                0x00000204      0x19d ..\obj\stm32f10x_gpio.o
 .debug_pubnames
                0x000003a1      0x21b ..\obj\main.o
 .debug_pubnames
                0x000005bc      0x2da ..\obj\stm32f10x_rcc.o

.debug_aranges  0x00000000      0x3b0
 .debug_aranges
                0x00000000       0x28 ..\obj\startup_stm32f10x_md_vl.o
 .debug_aranges
                0x00000028       0xc8 ..\obj\core_cm3.o
 .debug_aranges
                0x000000f0       0x38 ..\obj\system_stm32f10x.o
 .debug_aranges
                0x00000128       0xa8 ..\obj\stm32f10x_gpio.o
 .debug_aranges
                0x000001d0       0xc0 ..\obj\main.o
 .debug_aranges
                0x00000290      0x120 ..\obj\stm32f10x_rcc.o

.debug_ranges   0x00000000      0x350
 .debug_ranges  0x00000000       0x18 ..\obj\startup_stm32f10x_md_vl.o
 .debug_ranges  0x00000018       0xb8 ..\obj\core_cm3.o
 .debug_ranges  0x000000d0       0x28 ..\obj\system_stm32f10x.o
 .debug_ranges  0x000000f8       0x98 ..\obj\stm32f10x_gpio.o
 .debug_ranges  0x00000190       0xb0 ..\obj\main.o
 .debug_ranges  0x00000240      0x110 ..\obj\stm32f10x_rcc.o

.debug_str      0x00000000     0x1488
 .debug_str     0x00000000       0xc4 ..\obj\startup_stm32f10x_md_vl.o
                                 0xe3 (size before relaxing)
 .debug_str     0x000000c4      0x1de ..\obj\core_cm3.o
                                0x22e (size before relaxing)
 .debug_str     0x000002a2      0x178 ..\obj\system_stm32f10x.o
                                0x236 (size before relaxing)
 .debug_str     0x0000041a      0x3ba ..\obj\stm32f10x_gpio.o
                                0x47b (size before relaxing)
 .debug_str     0x000007d4      0x892 ..\obj\main.o
                                0xaf2 (size before relaxing)
 .debug_str     0x00001066      0x422 ..\obj\stm32f10x_rcc.o
                                0x5cf (size before relaxing)

.comment        0x00000000       0x11
 .comment       0x00000000       0x11 ..\obj\startup_stm32f10x_md_vl.o
                                 0x12 (size before relaxing)
 .comment       0x00000000       0x12 ..\obj\core_cm3.o
 .comment       0x00000000       0x12 ..\obj\system_stm32f10x.o
 .comment       0x00000000       0x12 ..\obj\stm32f10x_gpio.o
 .comment       0x00000000       0x12 ..\obj\main.o
 .comment       0x00000000       0x12 ..\obj\stm32f10x_rcc.o

.ARM.attributes
                0x00000000       0x31
 .ARM.attributes
                0x00000000       0x31 ..\obj\startup_stm32f10x_md_vl.o
 .ARM.attributes
                0x00000031       0x31 ..\obj\core_cm3.o
 .ARM.attributes
                0x00000062       0x31 ..\obj\system_stm32f10x.o
 .ARM.attributes
                0x00000093       0x31 ..\obj\stm32f10x_gpio.o
 .ARM.attributes
                0x000000c4       0x31 ..\obj\main.o
 .ARM.attributes
                0x000000f5       0x31 ..\obj\stm32f10x_rcc.o

.debug_frame    0x00000000      0xb4c
 .debug_frame   0x00000000       0x48 ..\obj\startup_stm32f10x_md_vl.o
 .debug_frame   0x00000048      0x280 ..\obj\core_cm3.o
 .debug_frame   0x000002c8       0x80 ..\obj\system_stm32f10x.o
 .debug_frame   0x00000348      0x210 ..\obj\stm32f10x_gpio.o
 .debug_frame   0x00000558      0x250 ..\obj\main.o
 .debug_frame   0x000007a8      0x3a4 ..\obj\stm32f10x_rcc.o

.debug_pubtypes
                0x00000000      0x334
 .debug_pubtypes
                0x00000000       0x50 ..\obj\core_cm3.o
 .debug_pubtypes
                0x00000050       0x55 ..\obj\system_stm32f10x.o
 .debug_pubtypes
                0x000000a5       0xc3 ..\obj\stm32f10x_gpio.o
 .debug_pubtypes
                0x00000168      0x12e ..\obj\main.o
 .debug_pubtypes
                0x00000296       0x9e ..\obj\stm32f10x_rcc.o
